[   .000000] Lux version 4.15.0--generic (buildd@lgw01-amd64-038) (gcc version 7.3.0 (Ubuntu 7.3.0-16ubuntu3)) #49-Ubuntu SMP Wed Feb 6 09:33:07 UTC 2019 (Ubuntu 4.15.0-46.49-generc .15.18)
[   0.00000] Command line: BOOT_IGE=/boot/vmlinuz-4.15.0-46-generic root=UUID=e616e0bb-a965-4a8f-849c-be5fb3809975 ro console=tty1 coonsole=ttyS0
[    0.000000] KERNEL supported cpus:
[    0.000000]   Intel GenuineIntel
[    0.000000]   AMD AuthenticAMD
[    0.000000]   Centaur CentaurHauls
[    0.000000] x86/fpu: Supporting XSAVE feature 0x001: 'x87 floating point regisers'
[    0.000000] x86/fpu: Supporting XSAVE feature 0x002: 'SSE registers'
[    0.000000] x86/fpu: Supporting XSAVE feature 0x004: 'AVX registers'
[    0.000000] x86/fpu: xstate_offset[2]:  576, xstate_sizes[2]:  256
[    0.000000] x86/fpu: Enabled xstate features 0x7, context size is 832 bytes, using 'standard' format.
[    0.000000] e820: BIOS-provided physical RAM map:
[    0.000000] BIOS-e820: [mem 0x0000000000000000-0x000000000009fbff] usable
[    0.000000] BIOS-e820: [mem 0x000000000009fc00-0x000000000009ffff] reserved
[    0.000000] BIOS-e820: [mem 0x00000000000f0000-0x00000000000fffff] reserved
[    0.000000] BIOS-e820: [mem 0x0000000000100000-0x000000003ffeffff] usable
[    0.000000] BIOS-e820: [mem 0x000000003fff0000-0x000000003fffffff] ACPI data
[    0.000000] BIOS-e820: [mem 0x00000000fec00000-0x00000000fec00fff] reserved
[    0.000000] BIOS-e820: [mem 0x00000000fee00000-0x00000000fee00fff] reserved
[    0.000000] BIOS-e820: [mem 0x00000000fffc0000-0x00000000ffffffff] reserved
[    0.000000] NX (Execute Disable) protection: active
[    0.000000] SMBIOS 2.5 present.
[    0.000000] DMI: innotek GmbH VirtualBox/VirtualBox, BIOS VirtualBox 12/01/2006
[    0.000000] Hypervisor detected: KVM
[    0.000000] e820: last_pfn = 0x3fff0 max_arch_pfn = 0x400000000
[    0.000000] MTRR: Disabled
[    0.000000] x86/PAT: MTRRs disabled, skipping PAT initialization too.
[    0.000000] CPU MTRRs all blank - virtualized system.
[    0.000000] x86/PAT: Configuration [0-7]: WB  WT  UC- UC  WB  WT  UC- UC  
[    0.000000] found SMP MP-table at [mem 0x0009fff0-0x0009ffff] mapped at [        (ptrval)]
[    0.000000] Scanning 1 areas for low memory corruption
[    0.000000] RAMDISK: [mem 0x359d5000-0x36ce1fff]
[    0.000000] ACPI: Early table checksum verification disabled
[    0.000000] ACPI: RSDP 0x00000000000E0000 000024 (v02 VBOX  )
[    0.000000] ACPI: XSDT 0x000000003FFF0030 00003C (v01 VBOX   VBOXXSDT 00000001 ASL  00000061)
[    0.000000] ACPI: FACP 0x000000003FFF00F0 0000F4 (v04 VBOX   VBOXFACP 00000001 ASL  00000061)
[    0.000000] ACPI: DSDT 0x000000003FFF0470 0021FF (v02 VBOX   VBOXBIOS 00000002 INTL 20100528)
[    0.000000] ACPI: FACS 0x000000003FFF0200 000040
[    0.000000] ACPI: FACS 0x000000003FFF0200 000040
[    0.000000]ACI: APIC 0x000000003FFF0240 00005C (v02 VBOX   VBOXAPIC 00000001 ASL  0000006)
[    0.000000] ACPI: SSDT 0x000000003FFF02A0 0001CC (v01 VBOX   VBOXCPUT 00000002 INTL 20100528)
[    0.000000] No NUMA configuration found
[    0.000000] Faking a node at [mem 0x0000000000000000-0x000000003ffeffff]
[    0.000000] NODE_DAA() alloced [mem0xffc5000-0x3ffeffff]
[    0.000000] kvm-clock: cpu 0, msr 0:3ff44001, primary cpu clock
[    0.000000] kvm-clock: Using msrs 4b564d01 and 4b564d00
[    0.000000] kvm-clock: using sched offset of 4645236191 cycles
[    0.000000] clocksource: kvm-clock: mask: 0xffffffffffffffff max_cycles: 0x1cd42e4dffb, max_idle_ns: 881590591483 ns
[    0.000000] Zone ranges:
[    0.000000]   DMA      [mem 0x0000000000001000-0x0000000000ffffff]
[    0.000000]   DMA32    [mem 0x0000000001000000-0x000000003ffeffff]
[    0.000000]   Normal   empty
[    0.000000]   Device   empty
[   0.000000] Movable zone start for each node
[    0.000000] Early memory node ranges
[    0.000000]   node   0: [mem 0x0000000000001000-0x000000000009efff]
[    0.000000]   node   0: [mem 0x000000010000-0x00000003ffeffff]
[    0.000000] Reserved but unavailable: 114 pages
[    0.000000] Initmem setup node 0 [mem 0x0000000000001000-0x000000003ffeffff]
[    0.000000] ACPI: PM-Timer IO Port: 0x4008
[    0.000000] IOAPIC[0]: apic_id 2, version 32, address 0xfec00000, GSI 0-23
[    0.000000] ACPI: INT_SRC_OVR (bus 0 bus_irq 0 global_irq 2 dfl dfl)
[    0.000000] ACPI: INT_SRC_OVR (bus 0 bus_irq 9 global_irq 9 low level)
[    0.000000] Using ACPI (MADT) for SMP configuration information
[    0.000000] smpboot: Allowing 2 CPUs, 0 hotplug CPUs
[    0.000000] PM: Registered nosave memory: [mem 0x00000000-0x00000fff]
[    0.000000] PM: Registered nosave memo: [mem 0x0009f000-0x0009ffff]
   0.000000] PM: Registered nosave memory: [mem 0x000a0000-0x000effff]
[    0.000000] PM: Registered nosave memory: [mem 0x000f0000-0x000fffff]
[    0.000000] e820: [mem 0x40000000-0xfebfffff] available for PCI devices
[    0.000000] Booting paravirtualized kernel on KVM
[    0.00000] locksource: refined-jiffies: mask: 0xffffffff max_cycles: 0xffffffff, max_idle_ns: 7645519600211568 ns
[    0.000000] random: get_raom_bytes called from strt_kernl+x99/0x4fd wh crngint=0
[    0.000000] setup_percpu: NR_CPUS:8192 nr_cpumask_bits:2 nr_cpu_ids:2 nr_node_ids:1
[    0.000000] percpu: Embedded 46pagescpu @      (ptrv) s151552 r8192 d862 u1048576[    0.000000] PV qspinlock hash table entries: 256 (order: 0, 4096 bytes)
[    0.000000] Built 1 zonelists, mobility grouping on.  Total pages: 257913
[    0.000000] Policy zone: DMA32
[    0.000000] ernel command line: BOOT_IMAGE=/boot/vmlinuz-4.15.0-46-generic root=UUID=e616e0bb-a95-4a8f-849c-be5fb3809975 ro consletty1 consol=ttyS0
[    0.000000] Meory: 983076K/048120K available(12300K kernel code, 2473K rwdata, 4252 rodata, 208K init, 2416K bss, 65044K reserved, 0K cma-reserved)
[    0.000000] SLUB: HWaig=64, Order=0-3, MinObjects=0, CPUs=2, Nodes=1
[    0.000000] ernel/User page tables isolation: enabed
[    0.000000] ftrace: alocating 39198 entries in 154 pages
[    0.00400] Hierarchical RCU implementation.
[    0.004000] 	RCU restricting CPUs from NR_CPUS=8192 t n_cpu_ids=2.
   0.004000] 	Tasks RCU enabled.

[    0.004000] RCU: Adjusting geometry for rcu_fanout_leaf=16, nr_cpu_ids=2
[    0.004000] NR_IRQ: 524544, nr_irq: 440, preallocated irqs: 16
[    0.004000] Console: colour VGA+ 80x25
[    0.004000] console [tty1] enabled
[    0.004000] console [ttyS0] enbled
[    0.004000] ACPI: Core revision 20170831
[    0.004000] ACPI: 2 ACPI AML tables successfully acquired and loaded
[    0.004000] APIC: Switch to symmetric I/O mode setup
[   0.004000] x2apic enabled
[    0.004008] Switched APIC routing to physical x2apic.
[    0.012583] ..TIMER: vector=0x30 apic1=0 pin1=2 apic2=-1 pin2=-1
[    0.016005] tsc: Detected 1992.000 MHz processor
[    0.020012] Calibrating delay loop (skipped) preset value.. 3984.00 BogoMIPS (lpj=7968000)
[    0.024026] pid_max: default: 32768 minimum: 301
[    0.028042] Security Framework initialized
[    0.032006] Yama: becoming mindful.
[    0.036035] AppArmor: AppArmor initialized
[    0.044059] Dentry cache hash table entries: 131072 (order: 8, 1048576 bytes)
[    0.048068] Inode-cache hash table entries: 65536 (order: 7, 524288 bytes)
[    0.052026] Mount-cache hash table entries: 2048 (order: 2, 16384 bytes)
[    0.056017] Mountpoint-cache hash table entries: 2048 (order: 2, 16384 bytes)
[    0.060321] mce: CPU supports 0 MCE banks
[    0.064025] Last level iTLB entries: 4KB 64, 2MB 8, 4MB 8
[    0.068005] Last level dTLB entries: 4KB 64, 2MB 0, 4MB 0, 1GB 4
[    0.072008] Spectre V2 : Mitigation: Full generic retpoline
[    0.076005] Spectre V2 : Spectre v2 / SpectreRSB mitigation: Filling RSB on context switch
[    0.080007] Speculative Store Bypass: Vulnerable
[    0.084099] Freeing SMP alternatives memory: 36K
[    0.096000] smpboot: CPU0: Intel(R) Core(TM) i5-6360U CPU @ 2.00GHz (family: 0x6, model: 0x4e, stepping: 0x3)
[    0.096127] Performance Events: unsupported p6 CPU model 78 no PMU driver, software events only.
[    0.100067] Hierarchical SRCU implementation.
[    0.104816] NMI watchdog: Perf event create on CPU 0 failed with -2
[    0.108007] NMI watchdog: Perf NMI watchdog permanently disabled
[    0.112100] smp: Bringing up secondary CPUs ...
[    0.116134] x86: Booting SMP configuration:
[    0.120007] .... node  #0, CPUs:      #1
[    0.004000] kvm-clock: cpu 1, msr 0:3ff44041, secondary cpu clock
[    0.004000] mce: CPU supports 0 MCE banks
[    0.152005] smp: Brought up 1 node, 2 CPUs
[    0.156107] smpboot: Max logical packages: 1
[    0.160007] smpboot: Total of 2 processors activated (7968.00 BogoMIPS)
[    0.165442] devtmpfs: initialized
[    0.168125] x86/mm: Memory block size: 128MB
[    0.172762] evm: security.selinux
[    0.176009] evm: security.SMACK64
[    0.180006] evm: security.SMACK64EXEC
[    0.184006] evm: security.SMACK64TRANSMUTE
[    0.185847] evm: security.SMACK64MMAP
[    0.188004] evm: security.apparmor
[    0.192006] evm: security.ima
[    0.193126] evm: security.capability
[    0.196233] clocksource: jiffies: mask: 0xffffffff max_cycles: 0xffffffff, max_idle_ns: 7645041785100000 ns
[    0.200021] futex hash table entries: 512 (order: 3, 32768 bytes)
[    0.204103] pinctrl core: initialized pinctrl subsystem
[    0.210061] RTC time:  2:16:25, date: 04/11/19
[    0.212225] NET: Registered protocol family 16
[    0.216132] audit: initializing netlink subsys (disabled)
[    0.220056] audit: type=2000 audit(1554948988.514:1): state=initialized audit_enabled=0 res=1
[    0.248011] cpuidle: using governor ladder
[    0.252020] cpuidle: using governor menu
[    0.256063] ACPI: bus type PCI registered
[    0.259652] acpiphp: ACPI Hot Plug PCI Controller Driver version: 0.5
[    0.264030] PCI: Using configuration type 1 for base access
[    0.272534] HugeTLB registered 2.00 MiB page size, pre-allocated 0 pages
[    0.276103] ACPI: Added _OSI(Module Device)
[    0.280016] ACPI: Added _OSI(Processor Device)
[    0.284016] ACPI: Added _OSI(3.0 _SCP Extensions)
[    0.288009] ACPI: Added _OSI(Processor Aggregator Device)
[    0.292012] ACPI: Added _OSI(Linux-Dell-Video)
[    0.296009] ACPI: Added _OSI(Linux-Lenovo-NV-HDMI-Audio)
[    0.300012] ACPI: Added _OSI(Linux-HPI-Hybrid-Graphics)
[    0.304747] ACPI: Executed 1 blocks of module-level executable AML code
[    0.314546] ACPI: Interpreter enabled
[    0.316064] ACPI: (supports S0 S5)
[    0.320018] ACPI: Using IOAPIC for interrupt routing
[    0.322400] PCI: Using host bridge windows from ACPI; if necessary, use "pci=nocrs" and report a bug
[    0.324335] ACPI: Enabled 2 GPEs in block 00 to 07
[    0.339111] ACPI: PCI Root Bridge [PCI0] (domain 0000 [bus 00-ff])
[    0.340019] acpi PNP0A03:00: _OSC: OS supports [ASPM ClockPM Segments MSI]
[    0.344060] acpi PNP0A03:00: _OSC: not requesting OS control; OS requires [ExtendedConfig ASPM ClockPM MSI]
[    0.348032] acpi PNP0A03:00: fail to add MMCONFIG information, can't access extended PCI configuration space under this bridge.
[    0.352656] PCI host bridge to bus 0000:00
[    0.356012] pci_bus 0000:00: root bus resource [io  0x0000-0x0cf7 window]
[    0.360012] pci_bus 0000:00: root bus resource [io  0x0d00-0xffff window]
[    0.364011] pci_bus 0000:00: root bus resource [mem 0x000a0000-0x000bffff window]
[    0.368013] pci_bus 0000:00: root bus resource [mem 0x40000000-0xfdffffff window]
[    0.372009] pci_bus 0000:00: root bus resource [bus 00-ff]
[    0.384907] pci 0000:00:01.1: legacy IDE quirk: reg 0x10: [io  0x01f0-0x01f7]
[    0.387077] pci 0000:00:01.1: legacy IDE quirk: reg 0x14: [io  0x03f6]
[    0.388005] pci 0000:00:01.1: legacy IDE quirk: reg 0x18: [io  0x0170-0x0177]
[    0.392007] pci 0000:00:01.1: legacy IDE quirk: reg 0x1c: [io  0x0376]
[    0.418454] pci 0000:00:07.0: quirk: [io  0x4000-0x403f] claimed by PIIX4 ACPI
[    0.420031] pci 0000:00:07.0: quirk: [io  0x4100-0x410f] claimed by PIIX4 SMB
[    0.442283] ACPI: PCI Interrupt Link [LNKA] (IRQs 5 9 10 *11)
[    0.444669] ACPI: PCI Interrupt Link [LNKB] (IRQs 5 9 *10 11)
[    0.448202] ACPI: PCI Interrupt Link [LNKC] (IRQs 5 *9 10 11)
[    0.452430] ACPI: PCI Interrupt Link [LNKD] (IRQs 5 9 10 *11)
[    0.460949] SCSI subsystem initialized
[    0.464092] pci 0000:00:02.0: vgaarb: setting as boot VGA device
[    0.468000] pci 0000:00:02.0: vgaarb: VGA device added: decodes=io+mem,owns=io+mem,locks=none
[    0.468014] pci 0000:00:02.0: vgaarb: bridge control possible
[    0.472006] vgaarb: loaded
[    0.476053] ACPI: bus type USB registered
[    0.477734] usbcore: registered new interface driver usbfs
[    0.480033] usbcore: registered new interface driver hub
[    0.481915] usbcore: registered new device driver usb
[    0.484069] EDAC MC: Ver: 3.0.0
[    0.485549] PCI: Using ACPI for IRQ routing
[    0.492418] NetLabel: Initializing
[    0.496008] NetLabel:  domain hash size = 128
[    0.500002] NetLabel:  protocols = UNLABELED CIPSOv4 CALIPSO
[    0.504000] NetLabel:  unlabeled traffic allowed by default
[    0.504105] clocksource: Switched to clocksource kvm-clock
[    0.533427] VFS: Disk quotas dquot_6.6.0
[    0.537039] VFS: Dquot-cache hash table entries: 512 (order 0, 4096 bytes)
[   0.00] ApArmor: AppAmo FleysemEnbled
[    08715] pnp: PnP ACPI init
[   0.955713] pnp: PnP API:found 3 devices
[    1.107487] clockouce acpi_m: mas: 0ffff max_cycles: 0xffffff, max_ile_n: 08570104 ns
[    1.459270] NET: Registered protocol family 2

[    1.462864] TCP established hsh table entries: 8192 (order: 4, 65536 bytes)
[   .5460]TC bnd hash table entries:812 orer: 5, 131072 bytes)
[    1.816847] TCP: Hash tables configured (established 819bid 19)
[    1.957753] UDP hash table entries: 512 (order: 2, 16384 bytes)
[    1.961890 UP-it hshtaleentries: 512 (oer: 2, 16384 bytes)[   .2133]NE: egstre potcol faly 1
[    2.581474] pci 0000:00:00.0: Limiting direct PCI/PCI transfers
[    2.583750] pci 0000:00:01.0: Activating ISA DMA hang workarounds
[    2.586153] pci 0000:00:02.0: Video device with shadowed ROM at [mem 0x000c000x000dffff]
[  26928] npckngintrmf..
[    3.306450] Freeing initrd memory: 19508K
[    3.331436] platform rtc_cmos: registered platform RTC device (no PNP device found)
[    3.334242] Scanning for low memory corruption every 60 seconds
[    3.351177] Initialise system trusted keyrings
[    3.359429] Key type blacklist registered
[    3.382714] workingset: timestamp_bits=36 max_order=18 bucket_order=0
[    3.391750] zbud: loaded
[    3.398798] squashfs: version 4.0 (2009/01/31) Phillip Lougher
[    3.412813] fuse init (API version 7.26)
[    3.448875] Key type asymmetric registered
[    3.450146] Asymmetric key parser 'x509' registered
[    3.451649] Block layer SCSI generic (bsg) driver version 0.4 loaded (major 246)
[    3.468158] io scheduler noop registered
[    3.475199] io scheduler deadline registered
[    3.507097] io scheduler cfq registered (default)
[    3.526873] ACPI: AC Adapter [AC] (on-line)
[    3.536369] input: Power Button as /devices/LNXSYSTM:00/LNXPWRBN:00/input/input0
[    3.563612] ACPI: Power Button [PWRF]
[    3.570660] input: Sleep Button as /devices/LNXSYSTM:00/LNXSLPBN:00/input/input1
[    3.594357] ACPI: Sleep Button [SLPF]
[    3.598820] Serial: 8250/16550 driver, 32 ports, IRQ sharing enabled
[    3.600302] ACPI: Battery Slot [BAT0] (battery present)
[    3.639910] 00:02: ttyS0 at I/O 0x3f8 (irq = 4, base_baud = 115200) is a 16550A
[    3.660238] Linux agpgart interface v0.103
[    3.665384] loop: module loaded
[    3.690447] scsi host0: ata_piix
[    3.691966] scsi host1: ata_piix
[    3.693319] ata1: PATA max UDMA/33 cmd 0x1f0 ctl 0x3f6 bmdma 0xd000 irq 14
[    3.695973] ata2: PATA max UDMA/33 cmd 0x170 ctl 0x376 bmdma 0xd008 irq 15
[    3.698891] libphy: Fixed MDIO Bus: probed
[    3.700667] tun: Universal TUN/TAP device driver, 1.6
[    3.702788] PPP generic driver version 2.4.2
[    3.704662] ehci_hcd: USB 2.0 'Enhanced' Host Controller (EHCI) Driver
[    3.707104] ehci-pci: EHCI PCI platform driver
[    3.709046] ehci-platform: EHCI generic platform driver
[    3.711044] ohci_hcd: USB 1.1 'Open' Host Controller (OHCI) Driver
[    3.713258] ohci-pci: OHCI PCI platform driver
[    3.714645] ohci-platform: OHCI generic platform driver
[    3.716406] uhci_hcd: USB Universal Host Controller Interface driver
[    3.720606] i8042: PNP: PS/2 Controller [PNP0303:PS2K,PNP0f03:PS2M] at 0x60,0x64 irq 1,12
[    3.724610] serio: i8042 KBD port at 0x60,0x64 irq 1
[    3.726961] serio: i8042 AUX port at 0x60,0x64 irq 12
[    3.741593] mousedev: PS/2 mouse device common for all mice
[    3.746573] input: AT Translated Set 2 keyboard as /devices/platform/i8042/serio0/input/input2
[    3.752855] rtc_cmos rtc_cmos: rtc core: registered rtc_cmos as rtc0
[    3.759050] rtc_cmos rtc_cmos: alarms up to one day, 114 bytes nvram
[    3.771069] i2c /dev entries driver
[    3.773287] pcie_mp2_amd: AMD(R) PCI-E MP2 Communication Driver Version: 1.0
[    3.777460] device-mapper: uevent: versio 1.0.3

[    3.813292] device-mapper: ioctl: 4.37.0-ioctl (2017-09-20) initialised: dm-devel@redhat.com
[    3.816798] ledtrig-cpu: registered to indicate activity on CPUs
[    3.832820] NET: Registered protocol family 10
[    3.847955] Segment Routing with IPv6
[    3.862982] NET: Registered protocol family 17
[    3.870517] Key type dns_resolver registered
[    3.874186] RAS: Correctable Errors collector initialized.
[    3.906722] sched_clock: Marking stable (3906696675, 0)->(8045034596, -4138337921)
[    3.916652] registered taskstats version 1
[    3.927140] Loading compiled-in X.509 certificates
[    3.937639] Loaded X.509 cert 'Build time autogenerated kernel key: b873a790e41754b50f7dbae45b6bd46229c3c73f'
[    3.958562] zswap: loaded using pool lzo/zbud
[    3.964440] Key type big_key registered
[    4.011761] Key type trusted registered
[    4.031224] Key type encrypted registered
[    4.048342] AppArmor: AppArmor sha1 policy hashing enabled
[    4.071101] ima: No TPM chip found, activating TPM-bypass! (rc=-19)
[    4.083892] ima: Allocated hash algorithm: sha1
[    4.091419] evm: HMAC attrs: 0x1
[    4.105061]   Magic number: 15:740:257
[    4.130625] rtc_cmos rtc_cmos: setting system clock to 2019-04-11 02:16:29 UTC (1554948989)
[    4.140782] BIOS EDD facility v0.16 2004-Jun-25, 0 devices found
[    4.155640] EDD information not available.
[    4.173517] Freeing unused kernel memory: 2408K
[    4.188504] Write protecting the kernel read-only data: 20480k
[    4.244724] Freeing unused kernel memory: 2008K
[    4.249392] Freeing unused kernel memory: 1892K
[    5.170218] tsc: Refined TSC clocksource calibration: 1991.999 MHz
[    5.172428] clocksource: tsc: mask: 0xffffffffffffffff max_cycles: 0x396d4ffc055, max_idle_ns: 881590662783 ns
[    5.177423] x86/mm: Checked W+X mappings: passed, no W+X pages found.
[    5.278736] x86/mm: Checking user space page tables
[    5.288634] x86/mm: Checked W+X mappings: passed, no W+X pages found.
Loading, please wait...
starting version 237
[    5.379112] e1000: Intel(R) PRO/1000 Network Driver - version 7.3.21-k8-NAPI
[    5.381816] e1000: Copyright (c) 1999-2006 Intel Corporation.
[    5.386227] Fusion MPT base driver 3.04.20
[    5.387831] Copyright (c) 1999-2008 LSI Corporation
[    5.400296] Fusion MPT SPI Host driver 3.04.20
[    5.413857] AVX2 version of gcm_enc/dec engaged.
[    5.415694] AES CTR mode by8 optimization enabled
[    5.605623] input: ImExPS/2 Generic Explorer Mouse as /devices/platform/i8042/serio1/input/input4
[    5.843281] e1000 0000:00:03.0 eth0: (PCI:33MHz:32-bit) 02:0d:76:ba:5b:1c
[    6.244580] e1000 0000:00:03.0 eth0: Intel(R) PRO/1000 Network Connection
[    6.268620] mptbase: ioc0: Initiating bringup
[    7.052750] ioc0: LSI53C1030 A0: Capabilities={Initiator}
[    7.992830] scsi host2: ioc0: LSI53C1030 A0, FwRev=00000000h, Ports=1, MaxQ=256, IRQ=20
[    9.008937] scsi 2:0:0:0: Direct-Access     VBOX     HARDDISK         1.0  PQ: 0 ANSI: 5
[    9.060168] scsi target2:0:0: Beginning Domain Validation
[    9.064098] scsi target2:0:0: Domain Validation skipping write tests
[    9.066692] scsi target2:0:0: Ending Domain Validation
[    9.080868] scsi target2:0:0: asynchronous
[    9.083585] scsi 2:0:1:0: Direct-Access     VBOX     HARDDISK         1.0  PQ: 0 ANSI: 5
[    9.492792] scsi target2:0:1: Beginning Domain Validation
[    9.502301] random: fast init done
[    9.505346] scsi target2:0:1: Domain Validation skipping write tests
[    9.507599] scsi target2:0:1: Ending Domain Validation
[    9.509351] scsi target2:0:1: asynchronous
[    9.516697] sd 2:0:0:0: Attached scsi generic sg0 type 0
[    9.519815] sd 2:0:1:0: Attached scsi generic sg1 type 0
[    9.522607] random: systemd-udevd: uninitialized urandom read (16 bytes read)
[    9.522950] sd 2:0:0:0: [sda] 20971520 512-byte logical blocks: (10.7 GB/10.0 GiB)
[    9.528791] sd 2:0:0:0: [sda] Write Protect is off
[    9.531534] e1000 0000:00:08.0 eth1: (PCI:33MHz:32-bit) 08:00:27:d2:50:69
[    9.531539] e1000 0000:00:08.0 eth1: Intel(R) PRO/1000 Network Connection
[    9.543111] sd 2:0:0:0: [sda] Incomplete mode parameter data
[    9.543112] sd 2:0:0:0: [sda] Assuming drive cache: write through
[    9.543825] sd 2:0:1:0: [sdb] 20480 512-byte logical blocks: (10.5 MB/10.0 MiB)
[    9.543888] sd 2:0:1:0: [sdb] Write Protect is off
[    9.543989] sd 2:0:1:0: [sdb] Incomplete mode parameter data
[    9.543991] sd 2:0:1:0: [sdb] Assuming drive cache: write through
[    9.544842]  sda: sda1
[    9.546106] sd 2:0:0:0: [sda] Attached SCSI disk
[    9.547860] sd 2:0:1:0: [sdb] Attached SCSI disk
[    9.714403] random: systemd-udevd: uninitialized urandom read (16 bytes read)
[    9.739014] random: systemd-udevd: uninitialized urandom read (16 bytes read)
[    9.743045] e1000 0000:00:03.0 enp0s3: renamed from eth0
[    9.767025] e1000 0000:00:08.0 enp0s8: renamed from eth1
Begin: Loading essential drivers ... [   11.252042] raid6: sse2x1   gen() 10073 MB/s
[   11.336335] raid6: sse2x1   xor()  7558 MB/s
[   11.388247] raid6: sse2x2   gen() 12170 MB/s
[   11.448088] raid6: sse2x2   xor()  8409 MB/s
[   11.516315] raid6: sse2x4   gen() 13362 MB/s
[   11.568304] raid6: sse2x4   xor()  8579 MB/s
[   11.616362] raid6: avx2x1   gen() 10498 MB/s
[   11.668013] raid6: avx2x1   xor()  5739 MB/s
[   11.740016] raid6: avx2x2   gen() 15216 MB/s
[   11.793101] raid6: avx2x2   xor() 12845 MB/s
[   11.848044] raid6: avx2x4   gen() 24435 MB/s
[   11.908033] raid6: avx2x4   xor() 17036 MB/s
[   11.920793] raid6: using algorithm avx2x4 gen() 24435 MB/s
[   11.928674] raid6: .... xor() 17036 MB/s, rmw enabled
[   11.930581] raid6: using avx2x2 recovery algorithm
[   11.949514] xor: automatically using best checksumming function   avx       
[   11.976051] async_tx: api initialized (async)
done.
Begin: Running /scripts/init-premount ... done.
Begin: Mounting root file system ... Begin: Running /scripts/lo[   12.042204] Btrfs loaded, crc32c=crc32c-intel
cal-top ... done.
Begin: Running /scripts/local-premount ... Scanning for Btrfs filesystems
done.
Warning: fsck no[   12.121931] EXT4-fs (sda1): mounted filesystem with ordered data mode. Opts: (null)
t present, so skipping root file system
done.
Begin: Running /scripts/local-bottom ... done.
Begin: Running /scripts/init-bottom ... done.
[   12.378553] ip_tables: (C) 2000-2006 Netfilter Core Team
[   12.453544] systemd[1]: systemd 237 running in system mode. (+PAM +AUDIT +SELINUX +IMA +APPARMOR +SMACK +SYSVINIT +UTMP +LIBCRYPTSETUP +GCRYPT +GNUTLS +ACL +XZ +LZ4 +SECCOMP +BLKID +ELFUTILS +KMOD -IDN2 +IDN -PCRE2 default-hierarchy=hybrid)
[   12.686680] systemd[1]: Detected virtualization oracle.
[   12.694601] systemd[1]: Detected architecture x86-64.

Welcome to [1mUbuntu 18.04.1 LTS[0m!

[   12.708661] systemd[1]: Set hostname to <ubuntu-bionic>.
[   13.047965] systemd[1]: Started Forward Password Requests to Wall Directory Watch.
[[0;32m  OK  [0m] Started Forward Password Requests to Wall Directory Watch.
[   13.097173] systemd[1]: Reached target System Time Synchronized.
[[0;32m  OK  [0m] Reached target System Time Synchronized.
[   13.172011] systemd[1]: Set up automount Arbitrary Executable File Formats File System Automount Point.
[[0;32m  OK  [0m] Set up automount Arbitrary Executabâ€¦rmats File System Automount Point.
[   13.313158] systemd[1]: Created slice User and Session Slice.
[[0;32m  OK  [0m] Created slice User and Session Slice.
[   13.449773] systemd[1]: Created slice System Slice.
[[0;32m  OK  [0m] Created slice System Slice.
[   13.577244] systemd[1]: Listening on LVM2 metadata daemon socket.
[[0;32m  OK  [0m] Listening on LVM2 metadata daemon socket.
[[0;32m  OK  [0m] Listening on Syslog Socket.
[[0;32m  OK  [0m] Listening on udev Kernel Socket.
[[0;32m  OK  [0m] Listening on LVM2 poll daemon socket.
[[0;32m  OK  [0m] Listening on Journal Audit Socket.
[[0;32m  OK  [0m] Listening on Journal Socket (/dev/log).
[[0;32m  OK  [0m] Listening on udev Control Socket.
[[0;32m  OK  [0m] Created slice system-serial\x2dgetty.slice.
[[0;32m  OK  [0m] Listening on Journal Socket.
         Mounting Huge Pages File System...
         Starting Journal Service...
         Mounting Kernel Debug File System...
         Starting Set the console keyboard layout...
         Starting Load Kernel Modules...
         Starting Create list of required stâ€¦ce nodes for the current kernel...
         Starting udev Coldplug all Devices...
[[0;32m  OK  [0m] Reached target User and Group Name Lookups.
         Starting Remount Root and Kernel File Systems...
[[0;32m  OK  [0m] Listening on Network Service Netlink Socket.
         Mounting POSIX Message Queue File System...
         Starting Uncomplicated [   13.939087] Loading iSCSI transport class v2.0-870.
firewall...
[[0;32m  OK  [0m] Listening on /dev/initctl Compatibility Named Pipe.
[[0;32m  OK  [0m] Listening on Device-mapper event daemon FIFOs.
         Starting Monitoring of LVM2 mirrorsâ€¦ng dmeventd or progress polling...
[[0;32m  OK  [0m] Reached target Swap.
[[0;32m  OK  [0m] Reached target Slices.
[[0;32m  OK  [0m] Started Journal Service.
[[0;32m  OK  [0m] Mounted Huge Pages File System.
[[0;32m  OK  [0m] Mounted Kernel Debug File System.
[[0;32m  OK  [0m] Started Create list of required staâ€¦vice nodes for the current kernel.
[[0;32m  OK  [0m] Mounted POSIX Message Queue File System.
[[0;32m  OK  [0m] Started Uncomplicated firewall.
         Starting Create Static Device Nodes in /dev...
[   13.991168] EXT4-fs (sda1): re-mounted. Opts: (null)
[[0;32m  OK  [0m] Started Remount Root and Kernel File Systems.
         Starting Load/Save Random Seed...
         Starting Initial cloud-init job (pre-networking)...
[   14.006425] iscsi: registered transport (tcp)
         Starting Flush Journal to Persistent Storage...
[[0;32m  OK  [0m] Started Set the console keyboard layout.
[[0;32m  OK  [0m] Started udev Coldplug all Devices.
[[0;32m  OK  [0m] Started Create Static Device Nodes in /dev.
[[0;32m  OK  [0m] Started Load/Save Random Seed.
[[0;32m  OK  [0m] Started LVM2 metadata daemon.
         Starting udev Kernel Device Manager...
[   14.117219] systemd-journald[387]: Received request to flush runtime journal from PID 1
[   14.345240] random: crng init done
[   14.346609] random: 7 urandom warning(s) missed due to ratelimiting
[[0;32m  OK  [[   14.360212] iscsi: registered transport (iser)
0m] Started Monitoring of LVM2 mirrors,â€¦sing dmeventd or progress polling.
[[0;32m  OK  [0m] Started Load Kernel Modules.
         Mounting FUSE Control File System...
         Mounting Kernel Configuration File System...
         Starting Apply Kernel Variables...
[[0;32m  OK  [0m] Reached target Local File Systems (Pre).
[[0;32m  OK  [0m] Reached target Local File Systems.
         Starting Tell Plymouth To Write Out Runtime Data...
         Starting AppArmor initialization...
         Starting Set console font and keymap...
         Starting ebtables ruleset management...
[[0;32m  OK  [0m] Started udev Kernel Device Manager.
[[0;32m  OK  [0m] Mounted FUSE Control File System.
[[0;32m  OK  [0m] Mounted Kernel Configuration File System.
[[0;32m  OK  [0m] Started Dispatch Password Requests to Console Directory Watch.
[[0;32m  OK  [0m] Reached target Local Encrypted Volumes.
[[0;32m  OK  [0m] Started Tell Plymouth To Write Out Runtime Data.
[[0;32m  OK  [0m] Started Set console font and keymap.
[[0;32m  OK  [0m] Started Apply Kernel Variables.
[[0;32m  OK  [0m] Started Flush Journal to Persistent Storage.
         Starting Create Volatile Files and Directories...
[[0;32m  OK  [0m] Found device /dev/ttyS0.
[[0;32m  OK  [0m] Started Create Volatile Files and Directories.
         Starting Update UTMP about System Boot/Shutdown...
[[0;32m  OK  [0m] Started Update UTMP about System Boot/Shutdown.
[[0;32m  OK  [0m] Started ebtables ruleset management.
[[0;32m  OK  [0m] Listening on Load/Save RF Kill Switch Status /dev/rfkill Watch.
[[0;32m  OK  [0m] Started AppArmor initialization.
[   16.065815] cloud-init[407]: Cloud-init v. 18.3-9-g2e62cb8a-0ubuntu1~18.04.2 running 'init-local' at Thu, 11 Apr 2019 02:16:41 +0000. Up 15.86 seconds.
[[0;32m  OK  [0m] Started Initial cloud-init job (pre-networking).
[[0;32m  OK  [0m] Reached target Network (Pre).
         Starting Network Service...
[[0;32m  OK  [0m] Started Network Service.
         Starting Wait for Network to be Configured...
         Starting Network Name Resolution...
[[0;32m  OK  [0m] Started Network Name Resolution.
[[0;32m  OK  [0m] Reached target Network.
[[0;32m  OK  [0m] Reached target Host and Network Name Lookups.
[[0;32m  OK  [0m] Started Wait for Network to be Configured.
         Starting Initial cloud-init job (metadata service crawler)...
[   18.993415] cloud-init[694]: Cloud-init v. 18.3-9-g2e62cb8a-0ubuntu1~18.04.2 running 'init' at Thu, 11 Apr 2019 02:16:43 +0000. Up 18.60 seconds.
[   18.997113] cloud-init[694]: ci-info: ++++++++++++++++++++++++++++++++++++++Net device info+++++++++++++++++++++++++++++++++++++++
[   19.001378] cloud-init[694]: ci-info: +--------+------+-----------------------------+---------------+--------+-------------------+
[   19.008155] cloud-init[694]: ci-info: | Device |  Up  |           Address           |      Mask     | Scope  |     Hw-Address    |
[   19.012643] cloud-init[694]: ci-info: +--------+------+-----------------------------+---------------+--------+-------------------+
[[0;32m  OK  [0m] Started Initial cloud-init job (metadata service crawler).
[[0;32m  OK  [0m] Reached target System Initialization.
[   19.106852] [[0;32m  OK  [0m] Listening on ACPID Listen Socket.
cloud-init[694]: ci-info: | enp0s3 | True |          10.0.2.15          | 255.255.255.0 | global | 02:0d:76:ba:5b:1c |
         Starting LXD - unix socket.
[   19.185566] cloud-init[694]: ci-info: | enp0s3 | True |  fe80::d:76ff:feba:5b1c/64  |       .       |  link  | 02:0d:76:ba:5b:1c |
[   19.284639] [[0;32m  OK  [0m] Started ACPI Events Check.
[[0;32m  OK  [0m] Listening on UUID daemon activation socket.
[[0;32m  OK  [0m] Listening on Open-iSCSI iscsid Socket.
cloud-init[694]: ci-info: | enp0s8 | True |        192.168.33.10        | 255.255.255.0 | global | 08:00:27:d2:50:69 |
[   19.388924] [[0;32m  OK  [0m] Started Discard unused blocks once a week.
[[0;32m  OK  [0m] Started Message of the Day.
[[0;32m  OK  [0m] Started Daily Cleanup of Temporary Directories.
[[0;32m  OK  [0m] Reached target Paths.
[[0;32m  OK  [0m] Started Daily apt download activities.
[[0;32m  OK  [0m] Started Daily apt upgrade and clean activities.
[[0;32m  OK  [0m] Reached target Timers.
[[0;32m  OK  [0m] Listening on D-Bus System Message Bus Socket.
         Starting Socket activation for snappy daemon.
[[0;32m  OK  [0m] Reached target Network is Online.
cloud-init[694]: ci-info: | enp0s8 | True | fe80::a00:27ff:fed2:5069/64 |       .       |  link  | 08:00:27:d2:50:69 |
[   19.399069] cloud-init[694]: ci-info: |   lo   | True |          127.0.0.1          |   255.0.0.0   |  host  |         .         |
[   19.399430] cloud-init[694]: ci-info: |   lo   | True |           ::1/128           |       .       |  host  |         .         |
[[0;32m  OK  [0m] Reached target Remote File Systems (Pre).
[[0;32m  OK  [0m] Reached target Remote File Systems.
         Starting Availability of block devices...
[[0;32m  OK  [0m] Reached target Cloud-config availability.
[[0;32m  OK  [0m] Listening on LXD - unix socket.
[[0;32m  OK  [0m] Listening on Socket activation for snappy daemon.
[[0;32m  OK  [0m] Reached target Sockets.
[[0;32m  OK  [0m] Reached target Basic System.
[   19.399741] cloud-init[694]: ci-info: +--------+------+-----------------------------+---------------+--------+-------------------+
         Starting Permit User Sessions...
[   19.543947] cloud-init[694]: ci-info: +++++++++++++++++++++++++++++Route IPv4 info+++++++++++++++++++++++++++++
         Starting Login Service...
         Starting LXD - container startup/shutdown...
[[0;32m  OK  [0m] Started D-Bus System Message Bus.
[   19.567329] cloud-init[694]: ci-info: +-------+--------------+----------+-----------------+-----------+-------+
[   19.632045] cloud-init[694]: ci-info: | Route | Destination  | Gateway  |     Genmask     | Interface | Flags |
[   19.642757] cloud-init[694]: ci-info: +-------+--------------+----------+-----------------+-----------+-------+
[   19.655245] cloud-init[694]: ci-info: |   0   |   0.0.0.0    | 10.0.2.2 |     0.0.0.0     |   enp0s3  |   UG  |
[   19.672482] cloud-init[694]: ci-info: |   1   |   10.0.2.0   | 0.0.0.0  |  255.255.255.0  |   enp0s3  |   U   |
[   19.683814] cloud-init[694]: ci-info: |   2   |   10.0.2.2   | 0.0.0.0  | 255.255.255.255 |   enp0s3  |   UH  |
         Starting System Logging Service...
[   19.717499] cloud-init[694]: ci-info: |   3   | 192.168.33.0 | 0.0.0.0  |  255.255.255.0  |   enp0s8  |   U   |         
Starting Discard unused blocks...
[[0;32m  OK  [0m] Started Unattended Upgrades Shutdown.
[   19.753642] cloud-init         Starting Accounts Service...
[694]: ci-info: +-------+--------------+----------+-----------------+-----------+-------+
         Starting Snappy daemon...
[   19.821657] cloud-init[694]: ci-info: +++++++++++++++++++Route IPv6 info+++++++++++++++++++
[   19.860849] cloud-init[694]: ci-info: +-------+-------------+---------+-----------+-------+
[   19.884773] cloud-init[694]: ci-info: | Route | Destination | Gateway | Interface | Flags |
[[0;32m  OK  [0m] Started Regular background program processing daemon.
[   19.925501] cloud-init[694]: [[0;32m  OK  [0m] Started FUSE filesystem for LXC.
         Starting vboxadd.service...
ci-info: +-------+-------------+---------+-----------+-------+
[   19.936536] cloud-init[694]: ci-info: |   1   |  fe80::/64  |    ::   |   enp0s8  |   U   |
[   19.946489] cloud-init[694]: ci-info: |   2   |  fe80::/64  |    ::   |   enp0s3  |   U   |
[   19.980432] cloud-init[694]: ci-info: |   4   |    local    |    ::   |   enp0s3  |   U   |
[   20.016103] cloud-init[694]: ci-info: |   5   |    local    |    ::   |   enp0s8  |   U   |
[   20.022197] cloud-init[694]: ci-info: |   6   |   ff00::/8  |    ::   |   enp0s8  |   U   |
[   20.029423] cloud-init[694]: ci-info: |   7   |   ff00::/8  |    ::   |   enp0s3  |   U   |
         Starting OpenBSD Secure Shell server...
[   20.071300] cloud-init[694]: ci-info: +-------+-------------+---------+-----------+-------+
         Starting Dispatcher daemon for systemd-networkd...
[[0;32m  OK  [0m] Started irqbalance daemon.
         Starting LSB: Record successful boot for GRUB...
         Starting LSB: automatic crash report generation...
[[0;32m  OK  [0m] Started Deferred execution scheduler.
[[0;32m  OK  [0m] Started System Logging Service.
[[0;32m  OK  [0m] Started Snappy daemon.
[[0;32m  OK  [0m] Started Availability of block devices.
[[0;32m  OK  [0m] Started Permit User Sessions.
[[0;32m  OK  [0m] Started LXD - container startup/shutdown.
[[0;32m  OK  [0m] Started Discard unused blocks.
[[0;32m  OK  [0m] Started Login Service.
[[0;32m  OK  [0m] Started OpenBSD Secure Shell server.
         Starting Authorization Manager...
         Starting Hold until boot process finishes up...
         Starting Terminate Plymouth Boot Screen...
         Starting Wait until snapd is fully seeded...
[[0;32m  OK  [0m] Started Hold until boot process finishes up.
[[0;32m  OK  [0m] Started Serial Getty on ttyS0.
         Starting Set console scheme...
[[0;32m  OK  [0m] Started Terminate Plymouth Boot Screen.
[[0;32m  OK  [0m] Started Authorization Manager.
[[0;32m  OK  [0m] Started Accounts Service.
[[0;32m  OK  [0m] Started LSB: automatic crash report generation.
[[0;32m  OK  [0m] Started LSB: Record successful boot for GRUB.
[[0;32m  OK  [0m] Started Wait until snapd is fully seeded.
         Starting Apply the settings specified in cloud-config...
[[0;32m  OK  [0m] Started Set console scheme.
[[0;32m  OK  [0m] Created slice system-getty.slice.
[[0;32m  OK  [0m] Started Getty on tty1.
[[0;32m  OK  [0m] Reached target Login Prompts.
[[0;32m  OK  [0m] Started Dispatcher daemon for systemd-networkd.
[[0;32m  OK  [0m] Started vboxadd.service.
         Starting vboxadd-service.service...
[[0;32m  OK  [0m] Started vboxadd-service.service.
[[0;32m  OK  [0m] Reached target Multi-User System.
[[0;32m  OK  [0m] Reached target Graphical Interface.
         Starting Update UTMP about System Runlevel Changes...
[[0;32m  OK  [0m] Started Update UTMP about System Runlevel Changes.
[   21.288539] cloud-init[1042]: Cloud-init v. 18.3-9-g2e62cb8a-0ubuntu1~18.04.2 running 'modules:config' at Thu, 11 Apr 2019 02:16:46 +0000. Up 21.17 seconds.
[[0;32m  OK  [0m] Started Apply the settings specified in cloud-config.
         Starting Execute cloud user/final scripts...
[   21.747954] cloud-init[1155]: Cloud-init v. 18.3-9-g2e62cb8a-0ubuntu1~18.04.2 running 'modules:final' at Thu, 11 Apr 2019 02:16:46 +0000. Up 21.62 seconds.
[[0;32m  OK  [0m] Started Execute cloud user/final scripts.
[   21.846824] cloud-init[1155]: Cloud-init v. 18.3-9-g2e62cb8a-0ubuntu1~18.04.2 finished at Thu, 11 Apr 2019 02:16:47 +0000. Datasource DataSourceNoCloud [seed=/dev/sdb][dsmode=net].  Up 21.74 seconds
         Starting Daily apt download activities...
[[0;32m  OK  [0m] Reached target Cloud-init target.
[[0;32m  OK  [0m] Created slice User Slice of vagrant.
         Starting User Manager for UID 1000...
[[0;32m  OK  [0m] Started Session 1 of user vagrant.
[[0;32m  OK  [0m] Started User Manager for UID 1000.

Ubuntu 18.04.1 LTS ubuntu-bionic ttyS0

ubuntu-bionic login:          Stopping udev Kernel Device Manager...
[[0;32m  OK  [0m] Stopped udev Kernel Device Manager.
         Starting udev Kernel Device Manager...
[[0;32m  OK  [0m] Started udev Kernel Device Manager.
         Stopping Network Service...
[[0;32m  OK  [0m] Stopped Network Service.
         Starting Network Service...
[[0;32m  OK  [0m] Started Network Service.
         Stopping Network Name Resolution...
[[0;32m  OK  [0m] Stopped Network Name Resolution.
         Starting Network Name Resolution...
[[0;32m  OK  [0m] Started Network Name Resolution.
[[0;32m  OK  [0m] Stopped Flush Journal to Persistent Storage.
         Stopping Flush Journal to Persistent Storage...
         Stopping Journal Service...
[[0;32m  OK  [0m] Stopped Journal Service.
         Starting Journal Service...
[[0;32m  OK  [0m] Started Journal Service.
         Starting Flush Journal to Persistent Storage...
[[0;32m  OK  [0m] Started Flush Journal to Persistent Storage.
         Stopping Authorization Manager...
[[0;32m  OK  [0m] Stopped Authorization Manager.
         Starting Authorization Manager...
[[0;32m  OK  [0m] Started Authorization Manager.
         Stopping Authorization Manager...
[[0;32m  OK  [0m] Stopped Authorization Manager.
         Starting Authorization Manager...
[[0;32m  OK  [0m] Started Authorization Manager.
[[0;32m  OK  [0m] Started Daily apt upgrade and clean activities.
